###############################################################################
#
# IAR ELF Linker V8.40.2.214/W32 for ARM                  20/Mar/2021  11:43:33
# Copyright 2007-2019 IAR Systems AB.
#
#    Output file  =
#        C:\Users\kadyr\Desktop\Robert\Cpecialno dlyf
#        IAR\Usart\Debug\Exe\ContiniousADC.out
#    Map file     =
#        C:\Users\kadyr\Desktop\Robert\Cpecialno dlyf
#        IAR\Usart\Debug\List\ContiniousADC.map
#    Command line =
#        -f C:\Users\kadyr\AppData\Local\Temp\EWF95B.tmp
#        ("C:\Users\kadyr\Desktop\Robert\Cpecialno dlyf
#        IAR\Usart\Debug\Obj\main.o" "C:\Users\kadyr\Desktop\Robert\Cpecialno
#        dlyf IAR\Usart\Debug\Obj\startupF411RE.o" --no_out_extension -o
#        "C:\Users\kadyr\Desktop\Robert\Cpecialno dlyf
#        IAR\Usart\Debug\Exe\ContiniousADC.out" --redirect
#        _Printf=_PrintfFullNoMb --redirect _Scanf=_ScanfFullNoMb --map
#        "C:\Users\kadyr\Desktop\Robert\Cpecialno dlyf
#        IAR\Usart\Debug\List\ContiniousADC.map" --config "D:\Проги для
#        учебы\arm\config\linker\ST\stm32f411xE.icf" --semihosting --entry
#        __iar_program_start --vfe --text_out locale)
#
###############################################################################

*******************************************************************************
*** RUNTIME MODEL ATTRIBUTES
***

CppFlavor                     = *
__CPP_Exceptions              = Disabled
__CPP_Language                = C++14
__Heap_Handler                = Basic
__SystemLibrary               = DLib
__dlib_dynamic_initialization = normal
__dlib_version                = 6


*******************************************************************************
*** HEAP SELECTION
***

The basic heap was selected because no calls to memory allocation
functions were found in the application outside of system library
functions, and there are calls to deallocation functions in the
application.


*******************************************************************************
*** PLACEMENT SUMMARY
***

"A0":  place at address 0x800'0000 { ro section .intvec };
"P1":  place in [from 0x800'0000 to 0x807'ffff] { ro };
define block CSTACK with size = 8K, alignment = 8 { };
define block HEAP with size = 8K, alignment = 8 { };
"P2":  place in [from 0x2000'0000 to 0x2001'ffff] {
          rw, block CSTACK, block HEAP };

  Section                Kind         Address    Size  Object
  -------                ----         -------    ----  ------
"A0":                                           0x198
  .intvec                const     0x800'0000   0x198  startupF411RE.o [1]
                                 - 0x800'0198   0x198

"P1":                                           0x7e0
  .text                  ro code   0x800'0198   0x108  main.o [1]
  .text                  ro code   0x800'02a0    0x24  startupF411RE.o [1]
  .text                  ro code   0x800'02c4    0x10  main.o [1]
  .text                  ro code   0x800'02d4    0x10  main.o [1]
  .text                  ro code   0x800'02e4    0x14  main.o [1]
  .text                  ro code   0x800'02f8    0x1c  main.o [1]
  .text                  ro code   0x800'0314    0x10  main.o [1]
  .text                  ro code   0x800'0324    0x10  main.o [1]
  .text                  ro code   0x800'0334    0x10  main.o [1]
  .text                  ro code   0x800'0344    0x14  main.o [1]
  .text                  ro code   0x800'0358    0x14  main.o [1]
  .text                  ro code   0x800'036c    0x14  main.o [1]
  .text                  ro code   0x800'0380    0x14  main.o [1]
  .text                  ro code   0x800'0394    0x10  main.o [1]
  .text                  ro code   0x800'03a4    0x10  main.o [1]
  .text                  ro code   0x800'03b4    0x14  main.o [1]
  .text                  ro code   0x800'03c8    0x14  main.o [1]
  .text                  ro code   0x800'03dc    0x10  main.o [1]
  .text                  ro code   0x800'03ec    0x10  main.o [1]
  .text                  ro code   0x800'03fc    0x10  main.o [1]
  .text                  ro code   0x800'040c    0x10  main.o [1]
  .text                  ro code   0x800'041c    0x10  main.o [1]
  .text                  ro code   0x800'042c    0x10  main.o [1]
  .text                  ro code   0x800'043c     0xc  main.o [1]
  .text                  ro code   0x800'0448    0x10  main.o [1]
  .text                  ro code   0x800'0458    0x10  main.o [1]
  .text                  ro code   0x800'0468     0xc  main.o [1]
  .text                  ro code   0x800'0474    0x10  main.o [1]
  .text                  ro code   0x800'0484    0x10  main.o [1]
  .text                  ro code   0x800'0494     0xc  main.o [1]
  .text                  ro code   0x800'04a0    0x10  main.o [1]
  .text                  ro code   0x800'04b0     0xc  main.o [1]
  .text                  ro code   0x800'04bc     0xe  main.o [1]
  .text                  ro code   0x800'04ca    0x3a  zero_init3.o [5]
  .text                  ro code   0x800'0504    0x10  main.o [1]
  .text                  ro code   0x800'0514    0x10  main.o [1]
  .text                  ro code   0x800'0524    0x10  main.o [1]
  .text                  ro code   0x800'0534    0x10  main.o [1]
  .text                  ro code   0x800'0544    0x14  main.o [1]
  .text                  ro code   0x800'0558    0x14  main.o [1]
  .text                  ro code   0x800'056c    0x10  main.o [1]
  .text                  ro code   0x800'057c    0x10  main.o [1]
  .text                  ro code   0x800'058c    0x14  main.o [1]
  .text                  ro code   0x800'05a0    0x10  main.o [1]
  .text                  ro code   0x800'05b0    0x36  strlen.o [5]
  .rodata                const     0x800'05e6     0x1  unwind_debug.o [6]
  .text                  ro code   0x800'05e8    0x5c  main.o [1]
  .text                  ro code   0x800'0644    0x10  main.o [1]
  .text                  ro code   0x800'0654     0x8  startupF411RE.o [1]
  .text                  ro code   0x800'065c    0x24  ABIassert.o [6]
  .text                  ro code   0x800'0680    0x76  ABImemcpy_unaligned.o [5]
  .text                  ro code   0x800'06f6     0xa  startupF411RE.o [1]
  .text                  ro code   0x800'0700     0x8  main.o [1]
  .text                  ro code   0x800'0708     0x8  main.o [1]
  .text                  ro code   0x800'0710     0x2  startupF411RE.o [1]
  .text                  ro code   0x800'0712     0x6  abort.o [2]
  .text                  ro code   0x800'0718     0xc  startupF411RE.o [1]
  .text                  ro code   0x800'0724    0x10  main.o [1]
  .text                  ro code   0x800'0734    0x14  exit.o [6]
  .rodata                const     0x800'0748    0x58  main.o [1]
  .text                  ro code   0x800'07a0    0x34  startupF411RE.o [1]
  .text                  ro code   0x800'07d4     0x8  startupF411RE.o [1]
  .text                  ro code   0x800'07dc     0x8  startupF411RE.o [1]
  .text                  ro code   0x800'07e4    0x10  startupF411RE.o [1]
  .text                  ro code   0x800'07f4    0x10  startupF411RE.o [1]
  .text                  ro code   0x800'0804    0x32  startupF411RE.o [1]
  .text                  ro code   0x800'0838    0x22  fpinit_M.o [4]
  .text                  ro code   0x800'085c    0x1e  cmain.o [5]
  .text                  ro code   0x800'087c    0x28  data_init.o [5]
  .text                  ro code   0x800'08a4     0x4  exit.o [2]
  .text                  ro code   0x800'08a8     0xa  cexit.o [5]
  .text                  ro code   0x800'08b4    0x24  startupF411RE.o [1]
  .text                  ro code   0x800'08d8    0x10  startupF411RE.o [1]
  .text                  ro code   0x800'08e8    0x10  startupF411RE.o [1]
  .iar.init_table        const     0x800'08f8    0x14  - Linker created -
  .text                  ro code   0x800'090c    0x20  cmain_call_ctors.o [5]
  .text                  ro code   0x800'092c    0x18  cppinit.o [2]
  .rodata                const     0x800'0944    0x10  main.o [1]
  .rodata                const     0x800'0954     0xc  main.o [1]
  .rodata                const     0x800'0960     0xc  startupF411RE.o [1]
  SHT$$PREINIT_ARRAY               0x800'096c     0x0  <Block>
  SHT$$INIT_ARRAY                  0x800'096c     0x8  <Block>
    .init_array          const     0x800'096c     0x4  main.o [1]
    .init_array          const     0x800'0970     0x4  startupF411RE.o [1]
  __iar_tls$$INIT_ARRAY            0x800'0974     0x0  <Block>
  .rodata                const     0x800'0974     0x4  startupF411RE.o [1]
  .rodata                const     0x800'0978     0x0  zero_init3.o [5]
                                 - 0x800'0978   0x7e0

"P2", part 1 of 2:                              0x110
  .bss                   zero     0x2000'0000   0x10c  startupF411RE.o [1]
  .bss                   zero     0x2000'010c     0x1  startupF411RE.o [1]
                                - 0x2000'010d   0x10d

"P2", part 2 of 2:                             0x2000
  CSTACK                          0x2000'0110  0x2000  <Block>
    CSTACK               uninit   0x2000'0110  0x2000  <Block tail>
                                - 0x2000'2110  0x2000

Unused ranges:

         From           To      Size
         ----           --      ----
   0x800'0978   0x807'ffff  0x7'f688
  0x2000'2110  0x2001'ffff  0x1'def0


*******************************************************************************
*** INIT TABLE
***

          Address      Size
          -------      ----
Zero (__iar_zero_init3)
    1 destination range, total size 0x10d:
          0x2000'0000  0x10d

Extra (__iar_cstart_call_ctors)



*******************************************************************************
*** MODULE SUMMARY
***

    Module                 ro code  ro data  rw data
    ------                 -------  -------  -------
command line/config:
    ------------------------------------------------
    Total:

C:\Users\kadyr\Desktop\Robert\Cpecialno dlyf IAR\Usart\Debug\Obj: [1]
    main.o                   1'094      120
    startupF411RE.o            286      428      269
    ------------------------------------------------
    Total:                   1'380      548      269

dl7M_tln.a: [2]
    abort.o                      6
    cppinit.o                   24
    exit.o                       4
    ------------------------------------------------
    Total:                      34

dlpp7M_tl_nc.a: [3]
    ------------------------------------------------
    Total:

m7M_tls.a: [4]
    fpinit_M.o                  34
    ------------------------------------------------
    Total:                      34

rt7M_tl.a: [5]
    ABImemcpy_unaligned.o      118
    cexit.o                     10
    cmain.o                     30
    cmain_call_ctors.o          32
    data_init.o                 40
    strlen.o                    54
    zero_init3.o                58
    ------------------------------------------------
    Total:                     342

shb_l.a: [6]
    ABIassert.o                 36
    exit.o                      20
    unwind_debug.o                        1
    ------------------------------------------------
    Total:                      56        1

    Gaps                         9
    Linker created                       20    8'192
----------------------------------------------------
    Grand Total:             1'855      569    8'461


*******************************************************************************
*** ENTRY LIST
***

Entry                       Address   Size  Type      Object
-----                       -------   ----  ----      ------
.iar.init_table$$Base    0x800'08f8          --   Gb  - Linker created -
.iar.init_table$$Limit   0x800'090c          --   Gb  - Linker created -
?main                    0x800'085d         Code  Gb  cmain.o [5]
CSTACK$$Base            0x2000'0110          --   Gb  - Linker created -
CSTACK$$Limit           0x2000'2110          --   Gb  - Linker created -
DummyModule::handler()   0x800'0825    0x2  Code  Gb  startupF411RE.o [1]
ITransmit::ITransmit()   0x800'0711    0x2  Code  Gb  startupF411RE.o [1]
ITransmit::ITransmit() [subobject]
                         0x800'0655    0x8  Code  Gb  startupF411RE.o [1]
Initialization guard variable for usartDriver
                        0x2000'010c    0x1  Data  Gb  startupF411RE.o [1]
Region$$Table$$Base      0x800'08f8          --   Gb  - Linker created -
Region$$Table$$Limit     0x800'090c          --   Gb  - Linker created -
SHT$$INIT_ARRAY$$Base    0x800'096c          --   Gb  - Linker created -
SHT$$INIT_ARRAY$$Limit   0x800'0974          --   Gb  - Linker created -
SHT$$PREINIT_ARRAY$$Base
                         0x800'096c          --   Gb  - Linker created -
SHT$$PREINIT_ARRAY$$Limit
                         0x800'096c          --   Gb  - Linker created -
Usart<USART2, usartDriver>::DisableTransmit()
                         0x800'07d5    0x8  Code  Gb  startupF411RE.o [1]
Usart<USART2, usartDriver>::EnableTransmit()
                         0x800'0701    0x8  Code  Gb  main.o [1]
Usart<USART2, usartDriver>::InterruptDisable()
                         0x800'07dd    0x8  Code  Gb  startupF411RE.o [1]
Usart<USART2, usartDriver>::InterruptEnable()
                         0x800'0709    0x8  Code  Gb  main.o [1]
Usart<USART2, usartDriver>::InterruptHandler()
                         0x800'08b5   0x24  Code  Gb  startupF411RE.o [1]
Usart<USART2, usartDriver>::WriteByte(unsigned char)
                         0x800'06f7    0xa  Code  Gb  startupF411RE.o [1]
Usart<USART2, usartDriver>::transmitter
                         0x800'0974    0x4  Data  Gb  startupF411RE.o [1]
UsartDriver<MyUsart>::OnNextByteTransmit()
                         0x800'07a1   0x34  Code  Gb  startupF411RE.o [1]
UsartDriver<MyUsart>::SendMessage(char const *, unsigned int)
                         0x800'05e9   0x5c  Code  Gb  main.o [1]
UsartDriver<MyUsart>::SendMessage(char const *, unsigned int)::string
                         0x800'0954    0xc  Data  Gb  main.o [1]
UsartDriver<MyUsart>::SendMessage(char const *, unsigned int)::string (instance 2)
                         0x800'0748   0x58  Data  Gb  main.o [1]
UsartDriver<MyUsart>::UsartDriver()
                         0x800'02a1   0x24  Code  Gb  startupF411RE.o [1]
Virtual function table for UsartDriver<MyUsart>
                         0x800'0960    0xc  Data  Gb  startupF411RE.o [1]
__aeabi_assert           0x800'065d   0x24  Code  Gb  ABIassert.o [6]
__call_ctors             0x800'092d   0x18  Code  Gb  cppinit.o [2]
__cmain                  0x800'085d         Code  Gb  cmain.o [5]
__exit                   0x800'0735   0x14  Code  Gb  exit.o [6]
__iar_cstart_call_ctors
                         0x800'090d   0x20  Code  Gb  cmain_call_ctors.o [5]
__iar_data_init3         0x800'087d   0x28  Code  Gb  data_init.o [5]
__iar_debug_exceptions   0x800'05e6    0x1  Data  Gb  unwind_debug.o [6]
__iar_init_vfp           0x800'0839         Code  Gb  fpinit_M.o [4]
__iar_program_start      0x800'0827   0x10  Code  Gb  startupF411RE.o [1]
__iar_tls$$INIT_ARRAY$$Base
                         0x800'0974          --   Gb  - Linker created -
__iar_tls$$INIT_ARRAY$$Limit
                         0x800'0974          --   Gb  - Linker created -
__iar_unaligned_memcpy   0x800'0681         Code  Gb  ABImemcpy_unaligned.o [5]
__iar_unaligned_memcpy4
                         0x800'06a1         Code  Gb  ABImemcpy_unaligned.o [5]
__iar_unaligned_memcpy8
                         0x800'06a1         Code  Gb  ABImemcpy_unaligned.o [5]
__iar_zero_init3         0x800'04cb   0x3a  Code  Gb  zero_init3.o [5]
__low_level_init         0x800'01af   0xc2  Code  Gb  main.o [1]
__sti__routine           0x800'0199   0x16  Code  Lc  main.o [1]
__sti__routine           0x800'0805   0x16  Code  Lc  startupF411RE.o [1]
__vector_table           0x800'0000  0x198  Data  Gb  startupF411RE.o [1]
_call_main               0x800'0869         Code  Gb  cmain.o [5]
_exit                    0x800'08a9         Code  Gb  cexit.o [5]
_main                    0x800'0877         Code  Gb  cmain.o [5]
abort                    0x800'0713    0x6  Code  Gb  abort.o [2]
bool FieldValueBase<RCC_CFGR_SWS_Values<RCC::CFGR, (unsigned int)2, (unsigned int)2, ReadMode, RCC::RCCCFGRBase>, RCC::RCCCFGRBase, (unsigned int)1>::IsSet<ReadMode, void>()
                         0x800'02f9   0x1c  Code  Gb  main.o [1]
bool FieldValueBase<RCC_CR_HSERDY_Values<RCC::CR, (unsigned int)17, (unsigned int)1, ReadMode, RCC::RCCCRBase>, RCC::RCCCRBase, (unsigned int)1>::IsSet<ReadMode, void>()
                         0x800'02d5   0x10  Code  Gb  main.o [1]
bool FieldValueBase<TIM2_SR_UIF_Values<TIM2::SR, (unsigned int)0, (unsigned int)1, ReadWriteMode, TIM2::TIM2SRBase>, TIM2::TIM2SRBase, (unsigned int)1>::IsSet<ReadWriteMode, void>()
                         0x800'0645   0x10  Code  Gb  main.o [1]
bool FieldValueBase<USART2_CR1_TXEIE_Values<USART2::CR1, (unsigned int)7, (unsigned int)1, ReadWriteMode, USART2::USART2CR1Base>, USART2::USART2CR1Base, (unsigned int)1>::IsSet<ReadWriteMode, void>()
                         0x800'08e9   0x10  Code  Gb  startupF411RE.o [1]
bool FieldValueBase<USART2_SR_TXE_Values<USART2::SR, (unsigned int)7, (unsigned int)1, ReadMode, USART2::USART2SRBase>, USART2::USART2SRBase, (unsigned int)1>::IsSet<ReadMode, void>()
                         0x800'08d9   0x10  Code  Gb  startupF411RE.o [1]
exit                     0x800'08a5    0x4  Code  Gb  exit.o [2]
main                     0x800'0271   0x22  Code  Gb  main.o [1]
strlen                   0x800'05b1         Code  Gb  strlen.o [5]
usartDriver             0x2000'0000  0x10c  Data  Gb  startupF411RE.o [1]
void FieldValueBase<ADC1_CR1_RES_Values<ADC1::CR1, (unsigned int)24, (unsigned int)2, ReadWriteMode, ADC1::ADC1CR1Base>, ADC1::ADC1CR1Base, (unsigned int)0>::Set<ReadWriteMode, void>()
                         0x800'0515   0x10  Code  Gb  main.o [1]
void FieldValueBase<ADC1_CR1_SCAN_Values<ADC1::CR1, (unsigned int)8, (unsigned int)1, ReadWriteMode, ADC1::ADC1CR1Base>, ADC1::ADC1CR1Base, (unsigned int)1>::Set<ReadWriteMode, void>()
                         0x800'0525   0x10  Code  Gb  main.o [1]
void FieldValueBase<ADC1_CR2_ADON_Values<ADC1::CR2, (unsigned int)0, (unsigned int)1, ReadWriteMode, ADC1::ADC1CR2Base>, ADC1::ADC1CR2Base, (unsigned int)1>::Set<ReadWriteMode, void>()
                         0x800'0535   0x10  Code  Gb  main.o [1]
void FieldValueBase<ADC1_CR2_CONT_Values<ADC1::CR2, (unsigned int)1, (unsigned int)1, ReadWriteMode, ADC1::ADC1CR2Base>, ADC1::ADC1CR2Base, (unsigned int)0>::Set<ReadWriteMode, void>()
                         0x800'057d   0x10  Code  Gb  main.o [1]
void FieldValueBase<ADC1_CR2_EOCS_Values<ADC1::CR2, (unsigned int)10, (unsigned int)1, ReadWriteMode, ADC1::ADC1CR2Base>, ADC1::ADC1CR2Base, (unsigned int)1>::Set<ReadWriteMode, void>()
                         0x800'05a1   0x10  Code  Gb  main.o [1]
void FieldValueBase<ADC1_SQR1_L_Values<ADC1::SQR1, (unsigned int)20, (unsigned int)4, ReadWriteMode, ADC1::ADC1SQR1Base>, ADC1::ADC1SQR1Base, (unsigned int)2>::Set<ReadWriteMode, void>()
                         0x800'058d   0x14  Code  Gb  main.o [1]
void FieldValueBase<ADC1_SQR3_SQ1_Values<ADC1::SQR3, (unsigned int)0, (unsigned int)5, ReadWriteMode, ADC1::ADC1SQR3Base>, ADC1::ADC1SQR3Base, (unsigned int)18>::Set<ReadWriteMode, void>()
                         0x800'0545   0x14  Code  Gb  main.o [1]
void FieldValueBase<ADC1_SQR3_SQ2_Values<ADC1::SQR3, (unsigned int)5, (unsigned int)5, ReadWriteMode, ADC1::ADC1SQR3Base>, ADC1::ADC1SQR3Base, (unsigned int)17>::Set<ReadWriteMode, void>()
                         0x800'0559   0x14  Code  Gb  main.o [1]
void FieldValueBase<ADC1_SQR3_SQ3_Values<ADC1::SQR3, (unsigned int)10, (unsigned int)5, ReadWriteMode, ADC1::ADC1SQR3Base>, ADC1::ADC1SQR3Base, (unsigned int)0>::Set<ReadWriteMode, void>()
                         0x800'056d   0x10  Code  Gb  main.o [1]
void FieldValueBase<ADC_Common_CCR_TSVREFE_Values<ADC_Common::CCR, (unsigned int)23, (unsigned int)1, ReadWriteMode, ADC_Common::ADC_CommonCCRBase>, ADC_Common::ADC_CommonCCRBase, (unsigned int)1>::Set<ReadWriteMode, void>()
                         0x800'0505   0x10  Code  Gb  main.o [1]
void FieldValueBase<GPIOA_AFRL_AFRL7_Values<GPIOA::AFRL, (unsigned int)12, (unsigned int)4, ReadWriteMode, GPIOA::GPIOAAFRLBase>, GPIOA::GPIOAAFRLBase, (unsigned int)7>::Set<ReadWriteMode, void>()
                         0x800'0381   0x14  Code  Gb  main.o [1]
void FieldValueBase<GPIOA_AFRL_AFRL7_Values<GPIOA::AFRL, (unsigned int)8, (unsigned int)4, ReadWriteMode, GPIOA::GPIOAAFRLBase>, GPIOA::GPIOAAFRLBase, (unsigned int)7>::Set<ReadWriteMode, void>()
                         0x800'036d   0x14  Code  Gb  main.o [1]
void FieldValueBase<GPIOA_MODER_MODER15_Values<GPIOA::MODER, (unsigned int)0, (unsigned int)2, ReadWriteMode, GPIOA::GPIOAMODERBase>, GPIOA::GPIOAMODERBase, (unsigned int)3>::Set<ReadWriteMode, void>()
                         0x800'0335   0x10  Code  Gb  main.o [1]
void FieldValueBase<GPIOA_MODER_MODER15_Values<GPIOA::MODER, (unsigned int)4, (unsigned int)2, ReadWriteMode, GPIOA::GPIOAMODERBase>, GPIOA::GPIOAMODERBase, (unsigned int)2>::Set<ReadWriteMode, void>()
                         0x800'0359   0x14  Code  Gb  main.o [1]
void FieldValueBase<GPIOA_MODER_MODER15_Values<GPIOA::MODER, (unsigned int)6, (unsigned int)2, ReadWriteMode, GPIOA::GPIOAMODERBase>, GPIOA::GPIOAMODERBase, (unsigned int)2>::Set<ReadWriteMode, void>()
                         0x800'0345   0x14  Code  Gb  main.o [1]
void FieldValueBase<GPIOA_OTYPER_OT2_Values<GPIOA::OTYPER, (unsigned int)2, (unsigned int)1, ReadWriteMode, GPIOA::GPIOAOTYPERBase>, GPIOA::GPIOAOTYPERBase, (unsigned int)0>::Set<ReadWriteMode, void>()
                         0x800'0395   0x10  Code  Gb  main.o [1]
void FieldValueBase<GPIOA_OTYPER_OT3_Values<GPIOA::OTYPER, (unsigned int)3, (unsigned int)1, ReadWriteMode, GPIOA::GPIOAOTYPERBase>, GPIOA::GPIOAOTYPERBase, (unsigned int)0>::Set<ReadWriteMode, void>()
                         0x800'03a5   0x10  Code  Gb  main.o [1]
void FieldValueBase<GPIOA_PUPDR_PUPDR15_Values<GPIOA::PUPDR, (unsigned int)4, (unsigned int)2, ReadWriteMode, GPIOA::GPIOAPUPDRBase>, GPIOA::GPIOAPUPDRBase, (unsigned int)1>::Set<ReadWriteMode, void>()
                         0x800'03b5   0x14  Code  Gb  main.o [1]
void FieldValueBase<GPIOA_PUPDR_PUPDR15_Values<GPIOA::PUPDR, (unsigned int)6, (unsigned int)2, ReadWriteMode, GPIOA::GPIOAPUPDRBase>, GPIOA::GPIOAPUPDRBase, (unsigned int)1>::Set<ReadWriteMode, void>()
                         0x800'03c9   0x14  Code  Gb  main.o [1]
void FieldValueBase<RCC_AHB1ENR_DMA2EN_Values<RCC::APB1ENR, (unsigned int)0, (unsigned int)1, ReadWriteMode, RCC::RCCAPB1ENRBase>, RCC::RCCAPB1ENRBase, (unsigned int)1>::Set<ReadWriteMode, void>()
                         0x800'0475   0x10  Code  Gb  main.o [1]
void FieldValueBase<RCC_AHB1ENR_DMA2EN_Values<RCC::APB1ENR, (unsigned int)17, (unsigned int)1, ReadWriteMode, RCC::RCCAPB1ENRBase>, RCC::RCCAPB1ENRBase, (unsigned int)1>::Set<ReadWriteMode, void>()
                         0x800'03ed   0x10  Code  Gb  main.o [1]
void FieldValueBase<RCC_AHB1ENR_DMA2EN_Values<RCC::APB2ENR, (unsigned int)8, (unsigned int)1, ReadWriteMode, RCC::RCCAPB2ENRBase>, RCC::RCCAPB2ENRBase, (unsigned int)1>::Set<ReadWriteMode, void>()
                         0x800'03dd   0x10  Code  Gb  main.o [1]
void FieldValueBase<RCC_AHB1ENR_GPIOAEN_Values<RCC::AHB1ENR, (unsigned int)0, (unsigned int)1, ReadWriteMode, RCC::RCCAHB1ENRBase>, RCC::RCCAHB1ENRBase, (unsigned int)1>::Set<ReadWriteMode, void>()
                         0x800'0325   0x10  Code  Gb  main.o [1]
void FieldValueBase<RCC_CFGR_SW_Values<RCC::CFGR, (unsigned int)0, (unsigned int)2, ReadWriteMode, RCC::RCCCFGRBase>, RCC::RCCCFGRBase, (unsigned int)1>::Set<ReadWriteMode, void>()
                         0x800'02e5   0x14  Code  Gb  main.o [1]
void FieldValueBase<RCC_CR_HSEON_Values<RCC::CR, (unsigned int)16, (unsigned int)1, ReadWriteMode, RCC::RCCCRBase>, RCC::RCCCRBase, (unsigned int)1>::Set<ReadWriteMode, void>()
                         0x800'02c5   0x10  Code  Gb  main.o [1]
void FieldValueBase<RCC_CR_HSION_Values<RCC::CR, (unsigned int)0, (unsigned int)1, ReadWriteMode, RCC::RCCCRBase>, RCC::RCCCRBase, (unsigned int)0>::Set<ReadWriteMode, void>()
                         0x800'0315   0x10  Code  Gb  main.o [1]
void FieldValueBase<TIM2_CR1_CEN_Values<TIM2::CR1, (unsigned int)0, (unsigned int)1, ReadWriteMode, TIM2::TIM2CR1Base>, TIM2::TIM2CR1Base, (unsigned int)1>::Set<ReadWriteMode, void>()
                         0x800'04bd    0xe  Code  Gb  main.o [1]
void FieldValueBase<TIM2_SR_UIF_Values<TIM2::SR, (unsigned int)0, (unsigned int)1, ReadWriteMode, TIM2::TIM2SRBase>, TIM2::TIM2SRBase, (unsigned int)0>::Set<ReadWriteMode, void>()
                         0x800'04a1   0x10  Code  Gb  main.o [1]
void FieldValueBase<USART2_CR1_M_Values<USART2::CR1, (unsigned int)12, (unsigned int)1, ReadWriteMode, USART2::USART2CR1Base>, USART2::USART2CR1Base, (unsigned int)0>::Set<ReadWriteMode, void>()
                         0x800'03fd   0x10  Code  Gb  main.o [1]
void FieldValueBase<USART2_CR1_OVER8_Values<USART2::CR1, (unsigned int)15, (unsigned int)1, ReadWriteMode, USART2::USART2CR1Base>, USART2::USART2CR1Base, (unsigned int)0>::Set<ReadWriteMode, void>()
                         0x800'041d   0x10  Code  Gb  main.o [1]
void FieldValueBase<USART2_CR1_PCE_Values<USART2::CR1, (unsigned int)10, (unsigned int)1, ReadWriteMode, USART2::USART2CR1Base>, USART2::USART2CR1Base, (unsigned int)0>::Set<ReadWriteMode, void>()
                         0x800'040d   0x10  Code  Gb  main.o [1]
void FieldValueBase<USART2_CR1_TE_Values<USART2::CR1, (unsigned int)3, (unsigned int)1, ReadWriteMode, USART2::USART2CR1Base>, USART2::USART2CR1Base, (unsigned int)0>::Set<ReadWriteMode, void>()
                         0x800'07e5   0x10  Code  Gb  startupF411RE.o [1]
void FieldValueBase<USART2_CR1_TE_Values<USART2::CR1, (unsigned int)3, (unsigned int)1, ReadWriteMode, USART2::USART2CR1Base>, USART2::USART2CR1Base, (unsigned int)1>::Set<ReadWriteMode, void>()
                         0x800'0459   0x10  Code  Gb  main.o [1]
void FieldValueBase<USART2_CR1_TXEIE_Values<USART2::CR1, (unsigned int)7, (unsigned int)1, ReadWriteMode, USART2::USART2CR1Base>, USART2::USART2CR1Base, (unsigned int)0>::Set<ReadWriteMode, void>()
                         0x800'07f5   0x10  Code  Gb  startupF411RE.o [1]
void FieldValueBase<USART2_CR1_TXEIE_Values<USART2::CR1, (unsigned int)7, (unsigned int)1, ReadWriteMode, USART2::USART2CR1Base>, USART2::USART2CR1Base, (unsigned int)1>::Set<ReadWriteMode, void>()
                         0x800'0725   0x10  Code  Gb  main.o [1]
void FieldValueBase<USART2_CR1_UE_Values<USART2::CR1, (unsigned int)13, (unsigned int)1, ReadWriteMode, USART2::USART2CR1Base>, USART2::USART2CR1Base, (unsigned int)1>::Set<ReadWriteMode, void>()
                         0x800'0449   0x10  Code  Gb  main.o [1]
void FieldValueBase<USART2_CR2_STOP_Values<USART2::CR2, (unsigned int)12, (unsigned int)2, ReadWriteMode, USART2::USART2CR2Base>, USART2::USART2CR2Base, (unsigned int)0>::Set<ReadWriteMode, void>()
                         0x800'042d   0x10  Code  Gb  main.o [1]
void RegisterBase<(unsigned int)1073741860, (unsigned int)32, ReadWriteMode>::Write<ReadWriteMode, void>(unsigned int)
                         0x800'04b1    0xc  Code  Gb  main.o [1]
void RegisterBase<(unsigned int)1073741864, (unsigned int)32, ReadWriteMode>::Set<ReadWriteMode, void>(unsigned int)
                         0x800'0485   0x10  Code  Gb  main.o [1]
void RegisterBase<(unsigned int)1073741868, (unsigned int)32, ReadWriteMode>::Write<ReadWriteMode, void>(unsigned int)
                         0x800'0495    0xc  Code  Gb  main.o [1]
void RegisterBase<(unsigned int)1073759236, (unsigned int)32, ReadWriteMode>::Write<ReadWriteMode, void>(unsigned int)
                         0x800'0719    0xc  Code  Gb  startupF411RE.o [1]
void RegisterBase<(unsigned int)1073759240, (unsigned int)32, ReadWriteMode>::Write<ReadWriteMode, void>(unsigned int)
                         0x800'043d    0xc  Code  Gb  main.o [1]
void RegisterBase<(unsigned int)3758153988, (unsigned int)32, ReadWriteMode>::Write<ReadWriteMode, void>(unsigned int)
                         0x800'0469    0xc  Code  Gb  main.o [1]


[1] = C:\Users\kadyr\Desktop\Robert\Cpecialno dlyf IAR\Usart\Debug\Obj
[2] = dl7M_tln.a
[3] = dlpp7M_tl_nc.a
[4] = m7M_tls.a
[5] = rt7M_tl.a
[6] = shb_l.a

  1'855 bytes of readonly  code memory
    569 bytes of readonly  data memory
  8'461 bytes of readwrite data memory

Errors: none
Warnings: none
